// Jest Snapshot v1, https://goo.gl/fbAQLP

exports[`<Footer /> renders with correct styles 1`] = `
<Box
  as="footer"
  bg="bgAlt"
  color="white"
  py={58}
>
  <Flex
    alignItems="center"
    display="flex"
    justifyContent="center"
  >
    <FooterLink
      aria-label="Github"
      href="https://github.com/janczizikow/"
      rel="noopener noreferrer"
      target="_blank"
    >
      <FiGithub
        size={24}
      />
    </FooterLink>
    <FooterLink
      aria-label="Codepen"
      href="https://codepen.io/hollow3d/"
      rel="noopener noreferrer"
      target="_blank"
    >
      <FiCodepen
        size={24}
      />
    </FooterLink>
    <FooterLink
      aria-label="Linkedin"
      href="https://www.linkedin.com/in/janczizikow/"
      rel="noopener noreferrer"
      target="_blank"
    >
      <FiLinkedin
        size={24}
      />
    </FooterLink>
  </Flex>
</Box>
`;
